// Vitest Snapshot v1, https://vitest.dev/guide/snapshot.html

exports[`Dashboard Component > renders the snapshot Dashboard component 1`] = `
<div>
  <div
    class="_dashboard_22c2a6"
  >
    <h1
      class="_dashboard__title_22c2a6"
    >
      Dashboard
    </h1>
    <div
      class="_dashboard__content_22c2a6"
    >
      <div
        class="_dashboard__card_22c2a6"
      >
        <h2
          class="_dashboard__card--heading_22c2a6"
        >
          Welcome
        </h2>
        <p
          class="_dashboard__card--paragraph_22c2a6"
        >
          This is your dashboard
        </p>
      </div>
    </div>
    <br />
    <svg
      class=""
      data-testid="loading"
      height="24"
      viewBox="0 0 24 24"
      width="24"
      xmlns="http://www.w3.org/2000/svg"
    >
      <style>
        
          .spinner {
            transform-origin: center;
            animation: rotate 0.75s infinite linear;
          }
          @keyframes rotate {
            100% { transform: rotate(360deg); }
          }
        
      </style>
      <path
        d="M12,1A11,11,0,1,0,23,12,11,11,0,0,0,12,1Zm0,19a8,8,0,1,1,8-8A8,8,0,0,1,12,20Z"
        opacity="0.25"
      />
      <path
        d="M12,4a8,8,0,0,1,7.89,6.7A1.53,1.53,0,0,0,21.38,12h0a1.5,1.5,0,0,0,1.48-1.75,11,11,0,0,0-21.72,0A1.5,1.5,0,0,0,2.62,12h0a1.53,1.53,0,0,0,1.49-1.3A8,8,0,0,1,12,4Z"
      />
    </svg>
    <br />
    <br />
    <div />
    <div
      class="_imageContainer_d76e9f _dashboard__image_22c2a6"
      style="width: 100%; aspect-ratio: 16/9;"
    >
      <div
        class="_placeholder_d76e9f"
      />
    </div>
  </div>
</div>
`;
